Archive member included to satisfy reference by file (symbol)

c:/intelfpga_lite/18.1/nios2eds/bin/gnu/h-x86_64-mingw32/bin/../lib/gcc/nios2-elf/5.3.0/mno-hw-mul\libgcc.a(lib2-divmod.o)
                              obj/default/task_game_code.o (__modsi3)
c:/intelfpga_lite/18.1/nios2eds/bin/gnu/h-x86_64-mingw32/bin/../lib/gcc/nios2-elf/5.3.0/mno-hw-mul\libgcc.a(lib2-mul.o)
                              obj/default/Race.o (__mulsi3)
c:/intelfpga_lite/18.1/nios2eds/bin/gnu/h-x86_64-mingw32/bin/../lib/gcc/nios2-elf/5.3.0/../../../../../H-x86_64-mingw32/nios2-elf/lib/mno-hw-mul\libsmallc.a(lib_a-printf.o)
                              obj/default/Race.o (printf)
c:/intelfpga_lite/18.1/nios2eds/bin/gnu/h-x86_64-mingw32/bin/../lib/gcc/nios2-elf/5.3.0/../../../../../H-x86_64-mingw32/nios2-elf/lib/mno-hw-mul\libsmallc.a(lib_a-puts.o)
                              obj/default/Race.o (puts)
c:/intelfpga_lite/18.1/nios2eds/bin/gnu/h-x86_64-mingw32/bin/../lib/gcc/nios2-elf/5.3.0/../../../../../H-x86_64-mingw32/nios2-elf/lib/mno-hw-mul\libsmallc.a(lib_a-rand.o)
                              obj/default/task_game_code.o (rand)
c:/intelfpga_lite/18.1/nios2eds/bin/gnu/h-x86_64-mingw32/bin/../lib/gcc/nios2-elf/5.3.0/../../../../../H-x86_64-mingw32/nios2-elf/lib/mno-hw-mul\libsmallc.a(lib_a-strlen.o)
                              c:/intelfpga_lite/18.1/nios2eds/bin/gnu/h-x86_64-mingw32/bin/../lib/gcc/nios2-elf/5.3.0/../../../../../H-x86_64-mingw32/nios2-elf/lib/mno-hw-mul\libsmallc.a(lib_a-puts.o) (strlen)
c:/intelfpga_lite/18.1/nios2eds/bin/gnu/h-x86_64-mingw32/bin/../lib/gcc/nios2-elf/5.3.0/../../../../../H-x86_64-mingw32/nios2-elf/lib/mno-hw-mul\libsmallc.a(lib_a-vfprintf.o)
                              c:/intelfpga_lite/18.1/nios2eds/bin/gnu/h-x86_64-mingw32/bin/../lib/gcc/nios2-elf/5.3.0/../../../../../H-x86_64-mingw32/nios2-elf/lib/mno-hw-mul\libsmallc.a(lib_a-printf.o) (___vfprintf_internal_r)
c:/intelfpga_lite/18.1/nios2eds/bin/gnu/h-x86_64-mingw32/bin/../lib/gcc/nios2-elf/5.3.0/../../../../../H-x86_64-mingw32/nios2-elf/lib/mno-hw-mul\libsmallc.a(lib_a-fvwrite_small_dev.o)
                              c:/intelfpga_lite/18.1/nios2eds/bin/gnu/h-x86_64-mingw32/bin/../lib/gcc/nios2-elf/5.3.0/../../../../../H-x86_64-mingw32/nios2-elf/lib/mno-hw-mul\libsmallc.a(lib_a-printf.o) (__sfvwrite_small_dev)
c:/intelfpga_lite/18.1/nios2eds/bin/gnu/h-x86_64-mingw32/bin/../lib/gcc/nios2-elf/5.3.0/../../../../../H-x86_64-mingw32/nios2-elf/lib/mno-hw-mul\libsmallc.a(lib_a-impure.o)
                              c:/intelfpga_lite/18.1/nios2eds/bin/gnu/h-x86_64-mingw32/bin/../lib/gcc/nios2-elf/5.3.0/../../../../../H-x86_64-mingw32/nios2-elf/lib/mno-hw-mul\libsmallc.a(lib_a-printf.o) (_impure_ptr)
c:/intelfpga_lite/18.1/nios2eds/bin/gnu/h-x86_64-mingw32/bin/../lib/gcc/nios2-elf/5.3.0/../../../../../H-x86_64-mingw32/nios2-elf/lib/mno-hw-mul\libsmallc.a(lib_a-writer.o)
                              c:/intelfpga_lite/18.1/nios2eds/bin/gnu/h-x86_64-mingw32/bin/../lib/gcc/nios2-elf/5.3.0/../../../../../H-x86_64-mingw32/nios2-elf/lib/mno-hw-mul\libsmallc.a(lib_a-fvwrite_small_dev.o) (_write_r)
c:/intelfpga_lite/18.1/nios2eds/bin/gnu/h-x86_64-mingw32/bin/../lib/gcc/nios2-elf/5.3.0/../../../../../H-x86_64-mingw32/nios2-elf/lib/mno-hw-mul\libsmallc.a(lib_a-int_errno.o)
                              c:/intelfpga_lite/18.1/nios2eds/bin/gnu/h-x86_64-mingw32/bin/../lib/gcc/nios2-elf/5.3.0/../../../../../H-x86_64-mingw32/nios2-elf/lib/mno-hw-mul\libsmallc.a(lib_a-writer.o) (errno)
c:/intelfpga_lite/18.1/nios2eds/bin/gnu/h-x86_64-mingw32/bin/../lib/gcc/nios2-elf/5.3.0/mno-hw-mul\libgcc.a(_muldi3.o)
                              c:/intelfpga_lite/18.1/nios2eds/bin/gnu/h-x86_64-mingw32/bin/../lib/gcc/nios2-elf/5.3.0/../../../../../H-x86_64-mingw32/nios2-elf/lib/mno-hw-mul\libsmallc.a(lib_a-rand.o) (__muldi3)
../Race_bsp/\libhal_bsp.a(alt_load.o)
                              ../Race_bsp//obj/HAL/src/crt0.o (alt_load)
../Race_bsp/\libhal_bsp.a(alt_main.o)
                              ../Race_bsp//obj/HAL/src/crt0.o (alt_main)
../Race_bsp/\libhal_bsp.a(alt_write.o)
                              c:/intelfpga_lite/18.1/nios2eds/bin/gnu/h-x86_64-mingw32/bin/../lib/gcc/nios2-elf/5.3.0/../../../../../H-x86_64-mingw32/nios2-elf/lib/mno-hw-mul\libsmallc.a(lib_a-writer.o) (write)
../Race_bsp/\libhal_bsp.a(alt_sys_init.o)
                              ../Race_bsp/\libhal_bsp.a(alt_main.o) (alt_irq_init)
../Race_bsp/\libhal_bsp.a(DE10_Lite_Arduino_Driver.o)
                              obj/default/Race.o (accelerometer_open_dev)
../Race_bsp/\libhal_bsp.a(altera_avalon_i2c.o)
                              ../Race_bsp/\libhal_bsp.a(DE10_Lite_Arduino_Driver.o) (alt_avalon_i2c_open)
../Race_bsp/\libhal_bsp.a(altera_avalon_jtag_uart_fd.o)
                              ../Race_bsp/\libhal_bsp.a(alt_sys_init.o) (altera_avalon_jtag_uart_read_fd)
../Race_bsp/\libhal_bsp.a(altera_avalon_jtag_uart_read.o)
                              ../Race_bsp/\libhal_bsp.a(altera_avalon_jtag_uart_fd.o) (altera_avalon_jtag_uart_read)
../Race_bsp/\libhal_bsp.a(altera_avalon_jtag_uart_write.o)
                              ../Race_bsp/\libhal_bsp.a(altera_avalon_jtag_uart_fd.o) (altera_avalon_jtag_uart_write)
../Race_bsp/\libhal_bsp.a(altera_avalon_spi.o)
                              ../Race_bsp/\libhal_bsp.a(DE10_Lite_Arduino_Driver.o) (alt_avalon_spi_command)
../Race_bsp/\libhal_bsp.a(altera_avalon_uart_fd.o)
                              ../Race_bsp/\libhal_bsp.a(alt_sys_init.o) (altera_avalon_uart_read_fd)
../Race_bsp/\libhal_bsp.a(altera_avalon_uart_read.o)
                              ../Race_bsp/\libhal_bsp.a(altera_avalon_uart_fd.o) (altera_avalon_uart_read)
../Race_bsp/\libhal_bsp.a(altera_avalon_uart_write.o)
                              ../Race_bsp/\libhal_bsp.a(altera_avalon_uart_fd.o) (altera_avalon_uart_write)
../Race_bsp/\libhal_bsp.a(altera_modular_adc.o)
                              ../Race_bsp/\libhal_bsp.a(DE10_Lite_Arduino_Driver.o) (alt_adc_word_read)
../Race_bsp/\libhal_bsp.a(draw_vga.o)
                              obj/default/Race.o (clear_screen)
../Race_bsp/\libhal_bsp.a(sierra.o)
                              obj/default/Race.o (sierra_SW_driver_version)
../Race_bsp/\libhal_bsp.a(sierra_sem.o)
                              obj/default/task_game_code.o (sem_take)
../Race_bsp/\libhal_bsp.a(sierra_task.o)
                              obj/default/Race.o (task_create)
../Race_bsp/\libhal_bsp.a(sierra_time.o)
                              obj/default/task_game_code.o (init_period_time)
../Race_bsp/\libhal_bsp.a(alt_busy_sleep.o)
                              ../Race_bsp/\libhal_bsp.a(altera_avalon_i2c.o) (alt_busy_sleep)
../Race_bsp/\libhal_bsp.a(alt_close.o)
                              ../Race_bsp/\libhal_bsp.a(alt_main.o) (close)
../Race_bsp/\libhal_bsp.a(alt_dcache_flush_all.o)
                              ../Race_bsp/\libhal_bsp.a(alt_load.o) (alt_dcache_flush_all)
../Race_bsp/\libhal_bsp.a(alt_dev.o)
                              ../Race_bsp/\libhal_bsp.a(alt_write.o) (alt_fd_list)
../Race_bsp/\libhal_bsp.a(alt_dev_llist_insert.o)
                              ../Race_bsp/\libhal_bsp.a(alt_sys_init.o) (alt_dev_llist_insert)
../Race_bsp/\libhal_bsp.a(alt_errno.o)
                              ../Race_bsp/\libhal_bsp.a(alt_write.o) (alt_errno)
../Race_bsp/\libhal_bsp.a(alt_find_dev.o)
                              ../Race_bsp/\libhal_bsp.a(altera_avalon_i2c.o) (alt_find_dev)
../Race_bsp/\libhal_bsp.a(alt_icache_flush_all.o)
                              ../Race_bsp/\libhal_bsp.a(alt_load.o) (alt_icache_flush_all)
../Race_bsp/\libhal_bsp.a(alt_iic.o)
                              ../Race_bsp/\libhal_bsp.a(altera_avalon_i2c.o) (alt_ic_isr_register)
../Race_bsp/\libhal_bsp.a(alt_iic_isr_register.o)
                              ../Race_bsp/\libhal_bsp.a(alt_iic.o) (alt_iic_isr_register)
../Race_bsp/\libhal_bsp.a(alt_io_redirect.o)
                              ../Race_bsp/\libhal_bsp.a(alt_main.o) (alt_io_redirect)
../Race_bsp/\libhal_bsp.a(alt_irq_entry.o)
                              ../Race_bsp/\libhal_bsp.a(alt_iic_isr_register.o) (alt_irq_entry)
../Race_bsp/\libhal_bsp.a(alt_irq_handler.o)
                              ../Race_bsp/\libhal_bsp.a(alt_iic_isr_register.o) (alt_irq_handler)
../Race_bsp/\libhal_bsp.a(alt_irq_register.o)
                              ../Race_bsp/\libhal_bsp.a(sierra.o) (alt_irq_register)
../Race_bsp/\libhal_bsp.a(alt_irq_vars.o)
                              ../Race_bsp/\libhal_bsp.a(alt_iic.o) (alt_irq_active)
../Race_bsp/\libhal_bsp.a(alt_open.o)
                              ../Race_bsp/\libhal_bsp.a(alt_io_redirect.o) (open)
../Race_bsp/\libhal_bsp.a(alt_release_fd.o)
                              ../Race_bsp/\libhal_bsp.a(alt_close.o) (alt_release_fd)
../Race_bsp/\libhal_bsp.a(altera_nios2_gen2_irq.o)
                              ../Race_bsp/\libhal_bsp.a(alt_sys_init.o) (altera_nios2_gen2_irq_init)
../Race_bsp/\libhal_bsp.a(alt_exception_entry.o)
                              ../Race_bsp/\libhal_bsp.a(alt_irq_entry.o) (alt_exception)
../Race_bsp/\libhal_bsp.a(alt_exception_trap.o)
                              ../Race_bsp/\libhal_bsp.a(alt_exception_entry.o) (.Ltrap_handler)
../Race_bsp/\libhal_bsp.a(char_map.o)
                              ../Race_bsp/\libhal_bsp.a(draw_vga.o) (upper_char_line)
../Race_bsp/\libhal_bsp.a(csw.o)
                              ../Race_bsp/\libhal_bsp.a(sierra.o) (HW_CTX_SWITCH)
../Race_bsp/\libhal_bsp.a(alt_find_file.o)
                              ../Race_bsp/\libhal_bsp.a(alt_open.o) (alt_find_file)
../Race_bsp/\libhal_bsp.a(alt_get_fd.o)
                              ../Race_bsp/\libhal_bsp.a(alt_open.o) (alt_get_fd)
c:/intelfpga_lite/18.1/nios2eds/bin/gnu/h-x86_64-mingw32/bin/../lib/gcc/nios2-elf/5.3.0/../../../../../H-x86_64-mingw32/nios2-elf/lib/mno-hw-mul\libsmallc.a(lib_a-exit.o)
                              ../Race_bsp/\libhal_bsp.a(alt_main.o) (exit)
c:/intelfpga_lite/18.1/nios2eds/bin/gnu/h-x86_64-mingw32/bin/../lib/gcc/nios2-elf/5.3.0/../../../../../H-x86_64-mingw32/nios2-elf/lib/mno-hw-mul\libsmallc.a(lib_a-memcmp.o)
                              ../Race_bsp/\libhal_bsp.a(alt_find_dev.o) (memcmp)
c:/intelfpga_lite/18.1/nios2eds/bin/gnu/h-x86_64-mingw32/bin/../lib/gcc/nios2-elf/5.3.0/../../../../../H-x86_64-mingw32/nios2-elf/lib/mno-hw-mul\libsmallc.a(lib_a-__call_atexit.o)
                              c:/intelfpga_lite/18.1/nios2eds/bin/gnu/h-x86_64-mingw32/bin/../lib/gcc/nios2-elf/5.3.0/../../../../../H-x86_64-mingw32/nios2-elf/lib/mno-hw-mul\libsmallc.a(lib_a-exit.o) (__call_exitprocs)
c:/intelfpga_lite/18.1/nios2eds/bin/gnu/h-x86_64-mingw32/bin/../lib/gcc/nios2-elf/5.3.0/mno-hw-mul\libgcc.a(mulsf3.o)
                              ../Race_bsp/\libhal_bsp.a(DE10_Lite_Arduino_Driver.o) (__mulsf3)
c:/intelfpga_lite/18.1/nios2eds/bin/gnu/h-x86_64-mingw32/bin/../lib/gcc/nios2-elf/5.3.0/mno-hw-mul\libgcc.a(floatunsisf.o)
                              ../Race_bsp/\libhal_bsp.a(DE10_Lite_Arduino_Driver.o) (__floatunsisf)
c:/intelfpga_lite/18.1/nios2eds/bin/gnu/h-x86_64-mingw32/bin/../lib/gcc/nios2-elf/5.3.0/mno-hw-mul\libgcc.a(_clzsi2.o)
                              c:/intelfpga_lite/18.1/nios2eds/bin/gnu/h-x86_64-mingw32/bin/../lib/gcc/nios2-elf/5.3.0/mno-hw-mul\libgcc.a(mulsf3.o) (__clzsi2)
c:/intelfpga_lite/18.1/nios2eds/bin/gnu/h-x86_64-mingw32/bin/../lib/gcc/nios2-elf/5.3.0/mno-hw-mul\libgcc.a(_clz.o)
                              c:/intelfpga_lite/18.1/nios2eds/bin/gnu/h-x86_64-mingw32/bin/../lib/gcc/nios2-elf/5.3.0/mno-hw-mul\libgcc.a(_clzsi2.o) (__clz_tab)
../Race_bsp/\libhal_bsp.a(alt_exit.o)
                              c:/intelfpga_lite/18.1/nios2eds/bin/gnu/h-x86_64-mingw32/bin/../lib/gcc/nios2-elf/5.3.0/../../../../../H-x86_64-mingw32/nios2-elf/lib/mno-hw-mul\libsmallc.a(lib_a-exit.o) (_exit)

Allocating common symbols
Common symbol       size              file

alt_irq             0x100             ../Race_bsp/\libhal_bsp.a(alt_irq_handler.o)
TCB_LIST            0x460             ../Race_bsp/\libhal_bsp.a(sierra.o)
errno               0x4               c:/intelfpga_lite/18.1/nios2eds/bin/gnu/h-x86_64-mingw32/bin/../lib/gcc/nios2-elf/5.3.0/../../../../../H-x86_64-mingw32/nios2-elf/lib/mno-hw-mul\libsmallc.a(lib_a-int_errno.o)
idle_stack          0x320             obj/default/Race.o
task_player_stack   0x320             obj/default/Race.o
task_plot_stack     0x320             obj/default/Race.o
score               0x1               obj/default/Race.o
NEXT_TASKID         0x1               ../Race_bsp/\libhal_bsp.a(sierra.o)
RUNNING_TASKID      0x1               ../Race_bsp/\libhal_bsp.a(sierra.o)
min                 0x1               obj/default/Race.o
sec                 0x1               obj/default/Race.o
task_game_stack     0x320             obj/default/Race.o
task_time_stack     0x320             obj/default/Race.o
